---
title: MySQL8.0 æ–°å¢çš„å¸³è™Ÿç®¡ç†åŠŸèƒ½
description: ä»‹ç´¹ MySQL8.0 æ–°å¢çš„å¸³è™Ÿç®¡ç†åŠŸèƒ½
slug: mysql-account-manage-new-feature
date: 2021-07-12T12:00:00+08:00
categories:
   - MySQL
tags:
   - "8.0"
   - åŠŸèƒ½
weight: 1  
---
## Password Verification-Required Policy

MySQL 8.0.13 é–‹å§‹ï¼Œå¯ä»¥è¨­å®šåœ¨ä¿®æ”¹å¯†ç¢¼æ™‚éœ€è¦ä¸€ä½µæä¾›èˆŠå¯†ç¢¼ã€‚

å¯é€éä»¥ä¸‹ 2 ç¨®æ–¹å¼è¨­å®š -

1. å…¨åŸŸç³»çµ±è®Šæ•¸ [password_require_current](https://dev.mysql.com/doc/refman/8.0/en/server-system-variables.html#sysvar_password_require_current)  é è¨­å€¼ç‚º OFF ï¼Œå¯ä»¥é€éèª¿æ•´ç‚º ON è¦æ±‚ä¿®æ”¹å¯†ç¢¼æ™‚æä¾›å°±å¯†ç¢¼ã€‚
2. CREATE æˆ– ALTER USER æ™‚åŠ ä¸Š PASSWORD REQUIRE CURRENT [DEFAULT | OPTIONAL] è¨­å®šã€‚

    ```sql
    -- admin å»ºç«‹å¸³è™Ÿ
    mysql> CREATE USER test@localhost IDENTIFIED BY '123' PASSWORD REQUIRE CURRENT;
    Query OK, 0 rows affected (0.00 sec)
    
    -- user ä¿®æ”¹å¯†ç¢¼
    mysql> ALTER USER test@localhost IDENTIFIED BY '123';
    ERROR 3892 (HY000): Current password needs to be specified in the REPLACE clause in order to change it.
    
    mysql> ALTER USER test@localhost IDENTIFIED BY '123' REPLACE '456';
    Query OK, 0 rows affected (0.01 sec)
    ```

   PASSWORD REQUIRE CURRENTï¼šå¯†ç¢¼æ›´æ”¹å¿…é ˆæŒ‡å®šç•¶å‰å¯†ç¢¼ã€‚

   PASSWORD REQUIRE CURRENT OPTIONALï¼šå¯†ç¢¼æ›´æ”¹ä¸å¼·è¿«æŒ‡å®šç•¶å‰å¯†ç¢¼ã€‚

   PASSWORD REQUIRE CURRENT DEFAUTï¼šä¾ç…§å…¨åŸŸç³»çµ±è®Šæ•¸ [password_require_current](https://dev.mysql.com/doc/refman/8.0/en/server-system-variables.html#sysvar_password_require_current) è¨­å®šã€‚

> ğŸ’¡ NOTEï¼šç•¶ USER å…·æœ‰ global create user æ¬Šé™æˆ–è€…æ˜¯åœ¨ mysql database å…·æœ‰ update æ¬Šé™æ™‚ï¼Œå‰‡ä¸å—ä»»ä½•é™åˆ¶ï¼Œæ„å³ä¸éœ€è¦æä¾›èˆŠå¯†ç¢¼ã€‚

åƒè€ƒ

[https://dev.mysql.com/doc/refman/8.0/en/password-management.html#password-reverification-policy](https://dev.mysql.com/doc/refman/8.0/en/password-management.html#password-reverification-policy)

[https://dev.mysql.com/doc/refman/8.0/en/server-system-variables.html#sysvar_password_require_current](https://dev.mysql.com/doc/refman/8.0/en/server-system-variables.html#sysvar_password_require_current)

## é›™å¯†ç¢¼åŠŸèƒ½ (Dual Passwords)

MySQL 8.0.14 é–‹å§‹åœ¨å¸³æˆ¶ç®¡ç†æ–°å¢äº† 2 å€‹å­å¥ï¼Œç”¨ä¾†æä¾›é›™å¯†ç¢¼çš„åŠŸèƒ½ï¼Œé€™æ¨£å°±å¯ä»¥åˆ†éšæ®µä¸”ä¸éœ€å„å–®ä½é…åˆä¹Ÿä¸éœ€è¦åœæ©Ÿçš„æ³ä¸‹æ›´æ›å¯†ç¢¼ã€‚

### RETAIN CURRENT PASSWORD

- å°‡ user ç•¶å‰(èˆŠ)å¯†ç¢¼æ›¿æ›ç‚ºç¬¬äºŒ(secondary)å¯†ç¢¼ï¼Œæ–°çš„å¯†ç¢¼å‰‡æœƒæˆç‚ºä¸»(primary)å¯†ç¢¼ã€‚

    ```sql
    mysql> CREATE USER test@localhost IDENTIFIED BY '123';
    Query OK, 0 rows affected (0.01 sec)
    
    mysql> ALTER USER test@localhost IDENTIFIED BY '456' RETAIN CURRENT PASSWORD;
    Query OK, 0 rows affected (0.04 sec)
    
    -- ä½¿ç”¨ secondary(èˆŠ) å¯†ç¢¼ç™»å…¥æˆåŠŸ
    [root@localhost ~]$ mysql -utest -p123
    Your MySQL connection id is 82583
    Server version: 8.0.21 MySQL Community Server - GPL
    
    -- ä½¿ç”¨ primary(æ–°) å¯†ç¢¼ç™»å…¥æˆåŠŸ
    [root@localhost ~]$ mysql -utest -p456
    Your MySQL connection id is 82584
    Server version: 8.0.21 MySQL Community Server - GPL
    ```

- æ–°èˆŠå¯†ç¢¼ç‚ºç©ºæ™‚ï¼Œç„¡æ³•æŒ‡å®š RETAIN CURRENT PASSWORDã€‚

    ```sql
    mysql> CREATE USER test@localhost;
    Query OK, 0 rows affected (0.01 sec)
    
    mysql> ALTER USER test@localhost identified by '123' RETAIN CURRENT PASSWORD;
    ERROR 3878 (HY000): Empty password can not be retained as second password for user 'test'@'localhost'.
    
    mysql> ALTER USER test@localhost identified by '123';
    Query OK, 0 rows affected (0.02 sec)
    
    mysql> ALTER USER test@localhost identified by '' RETAIN CURRENT PASSWORD;
    ERROR 3895 (HY000): Current password can not be retained for user 'test'@'localhost' because new password is empty.
    ```

- ç•¶ user å·²æœ‰ç¬¬äºŒ(secondary)å¯†ç¢¼æ™‚ï¼Œåœ¨æœªæŒ‡å®š RETAIN CURRENT PASSWORD çš„æƒ…æ³ä¸‹æ›´æ”¹ä¸»(primary)å¯†ç¢¼ï¼Œç¬¬äºŒ(secondary)å¯†ç¢¼æœƒç¶­æŒä¸è®Šã€‚

    ```sql
    mysql> CREATE USER test@localhost IDENTIFIED BY '123';
    Query OK, 0 rows affected (0.00 sec)
    
    mysql> ALTER USER test@localhost IDENTIFIED BY '456' RETAIN CURRENT PASSWORD;
    Query OK, 0 rows affected (0.00 sec)
    -- æ­¤æ™‚ 123 ç‚º secondary passwordï¼Œ 456 ç‚º parmary password
    
    mysql> ALTER USER test@localhost IDENTIFIED BY '789';
    Query OK, 0 rows affected (0.00 sec)
    -- æ­¤æ™‚ 123 ç‚º secondary passwordï¼Œ 789 ç‚º parmary password
    
    -- ä½¿ç”¨ 123 ç™»å…¥æˆåŠŸ
    [root@localhost ~]$ mysql -utest -p123
    Your MySQL connection id is 82583
    Server version: 8.0.21 MySQL Community Server - GPL
    
    -- ä½¿ç”¨ 456 ç™»å…¥å¤±æ•—
    [root@localhost ~]$ mysql -utest -p456
    ERROR 1045 (28000): Access denied for user 'test'@'localhost' (using password: YES)
    
    -- ä½¿ç”¨ 789 ç™»å…¥æˆåŠŸ
    [root@localhost ~]$ mysql -utest -p789
    Your MySQL connection id is 82583
    Server version: 8.0.21 MySQL Community Server - GPL
    
    mysql> ALTER USER test@localhost IDENTIFIED BY 'abc' RETAIN CURRENT PASSWORD;
    Query OK, 0 rows affected (0.00 sec)
    -- æ­¤æ™‚ 789 ç‚º secondary passwordï¼Œ abc ç‚º parmary password
    ```

- ç•¶æ›´æ”¹èº«åˆ†é©—è­‰æ’ä»¶æ™‚ï¼Œç„¡æ³•æŒ‡å®š RETAIN CURRENT PASSWORDï¼Œä¸¦ä¸”æœƒå°‡ç¬¬äºŒ(secondary)å¯†ç¢¼ä¸Ÿæ£„ã€‚

### DISCARD OLD PASSWORD

åˆªé™¤ç¬¬äºŒ(secondary)å¯†ç¢¼ã€‚

```sql
ALTER USER test@localhost DISCARD OLD PASSWORD;

-- ä½¿ç”¨ secondary password ç™»å…¥
[root@localhost ~]$ mysql -utest -p123
ERROR 1045 (28000): Access denied for user 'test'@'localhost' (using password: YES)
```

åƒè€ƒ

[https://dev.mysql.com/doc/refman/8.0/en/alter-user.html](https://dev.mysql.com/doc/refman/8.0/en/alter-user.html)

[https://dev.mysql.com/doc/refman/8.0/en/password-management.html#dual-passwords](https://dev.mysql.com/doc/refman/8.0/en/password-management.html#dual-passwords)

[https://www.percona.com/blog/using-mysql-8-dual-passwords/](https://www.percona.com/blog/using-mysql-8-dual-passwords/)

## ç”Ÿæˆéš¨æ©Ÿå¯†ç¢¼(Random Password Generation)

MySQL 8.0.18 é–‹å§‹åœ¨è¨­å®šå¯†ç¢¼çš„æ™‚å€™å¯ä»¥ä½¿ç”¨ RANDOM PASSWORD ä¾†ç‚º USER ç”Ÿæˆéš¨æ©Ÿå¯†ç¢¼ã€‚

```sql
mysql> CREATE USER test@localhost IDENTIFIED BY RANDOM PASSWORD;
+------+-----------+----------------------+
| user | host      | generated password   |
+------+-----------+----------------------+
| test | localhost | Oa-J)+nSI40_!TqIaYIt |
+------+-----------+----------------------+

mysql> ALTER USER test@localhost IDENTIFIED BY RANDOM PASSWORD;
+------+-----------+----------------------+
| user | host      | generated password   |
+------+-----------+----------------------+
| test | localhost | XgtPCz>Sx)Yf8Sxhpg:D |
+------+-----------+----------------------+
1 row in set (0.02 sec)
```

ç”Ÿæˆçš„å¯†ç¢¼é•·åº¦ç”±ç³»çµ±è®Šæ•¸ [generated_random_password_length](https://dev.mysql.com/doc/refman/8.0/en/server-system-variables.html#sysvar_generated_random_password_length) æ±ºå®šï¼Œé è¨­å€¼ç‚º 20ã€‚

åƒè€ƒ

[https://dev.mysql.com/doc/refman/8.0/en/password-management.html#random-password-generation](https://dev.mysql.com/doc/refman/8.0/en/password-management.html#random-password-generation)

[https://dev.mysql.com/doc/refman/8.0/en/server-system-variables.html#sysvar_generated_random_password_length](https://dev.mysql.com/doc/refman/8.0/en/server-system-variables.html#sysvar_generated_random_password_length)

## ç™»å…¥å¤±æ•—è¿½è¹¤å’Œå¸³è™Ÿæš«æ™‚é–å®š(Failed-Login Tracking and Temporary Account Locking)

MySQL 8.0.19 é–‹å§‹ï¼Œå¯ä»¥è¨­å®šç•¶è©²å¸³è™Ÿé€£çºŒè¼¸å…¥éŒ¯èª¤çš„å¯†ç¢¼æ™‚ï¼Œæš«æ™‚å°‡å¸³è™Ÿé–å®šã€‚

- FAILED_LOGIN_ATTEMPTS Nï¼šè¡¨ç¤ºç•¶é€£çºŒè¼¸å…¥ N æ¬¡éŒ¯èª¤å¯†ç¢¼æ™‚ï¼Œå°‡æœƒè§¸ç™¼é–å®šã€‚
- PASSWORD_LOCK_TIME {N | UNBOUNDED}ï¼šè¡¨ç¤ºè¦é–å®š N å¤©ï¼Œå…¶ä¸­ UNBOUNDED è¡¨ç¤ºæ°¸ä¹…é–å®šç›´åˆ°è¢«è§£é–ã€‚

ä»¥ä¸Š N çš„å…è¨±å€¼ç‚º 0~32767ï¼Œå…¶ä¸­ 0 è¡¨ç¤ºç¦ç”¨ï¼Œé è¨­å€¼çš†ç‚º 0ã€‚åªæœ‰ç•¶å…©å€‹ N éƒ½ä¸ç‚º 0 ï¼Œæ‰èƒ½ä½¿ç”¨åˆ°æ­¤åŠŸèƒ½ã€‚

```sql
# å»ºç«‹å¸³è™Ÿï¼Œä¸¦è¨­å®šç•¶å¯†ç¢¼é€£çºŒè¼¸å…¥éŒ¯èª¤ 3æ¬¡æ™‚ï¼Œå‰‡æœƒé–å®š 3 å¤©
mysql> CREATE USER test@localhost IDENTIFIED BY '123'
    ->   FAILED_LOGIN_ATTEMPTS 3 PASSWORD_LOCK_TIME 3;
Query OK, 0 rows affected (0.02 sec)

[root@localhost ~]$ mysql -utest -p
Enter password:
ERROR 1045 (28000): Access denied for user 'test'@'localhost' (using password: YES)
[root@localhost ~]$ mysql -utest -p
Enter password:
ERROR 1045 (28000): Access denied for user 'test'@'localhost' (using password: YES)
[root@localhost ~]$ mysql -utest -p
Enter password:
ERROR 3955 (HY000): Access denied for user 'test'@'localhost'. 
Account is blocked for 3 day(s) (3 day(s) remaining) due to 3 consecutive failed logins.

-- error log
2021-07-07T08:13:23.364124Z 86982 [Note] [MY-010914] [Server] Access denied for user 'test'@'localhost'. 
Account is blocked for 3 day(s) (3 day(s) remaining) due to 3 consecutive failed logins.
```

ä»¥ä¸‹æ–¹å¼å¯ä»¥é‡ç½®è¨ˆæ•¸ä¸¦è§£é–æ‰€æœ‰å¸³è™Ÿï¼š

- é‡å•Ÿ server
- åŸ·è¡Œ FLUSH PRIVILEGES

ä»¥ä¸‹ç‹€æ³æœƒé‡ç½®è¨ˆæ•¸æˆ–è§£é–å€‹åˆ¥å¸³è™Ÿï¼š

- æˆåŠŸç™»å…¥
- æŒçºŒé–å®šçš„æ™‚é–“å·²é
- ä½¿ç”¨ ALTER USER è®Šæ›´é–å®šè¨­å®šï¼Œæˆ–è€…æ˜¯ä½¿ç”¨ ACCOUNT UNLOCK èªå¥ã€‚

    ```sql
    # è®Šæ›´é–å®šè¨­å®šä¹Ÿæœƒé‡ç½®
    mysql> ALTER USER test@localhost FAILED_LOGIN_ATTEMPTS 3 PASSWORD_LOCK_TIME 1;
    Query OK, 0 rows affected (0.02 sec)
    
    # ä½¿ç”¨ ALTER USER ... ACCOUNT UNLOCK è§£é–
    mysql> ALTER USER 'test'@'localhost' ACCOUNT UNLOCK;
    Query OK, 0 rows affected (0.00 sec)
    ```


åƒè€ƒ

[https://dev.mysql.com/doc/refman/8.0/en/password-management.html#failed-login-tracking](https://dev.mysql.com/doc/refman/8.0/en/password-management.html#failed-login-tracking)
